// Jest Snapshot v1, https://goo.gl/fbAQLP

exports[`<FlexBox /> renderenders without crashing 1`] = `
<div
  className="sc-bdVaJa kZAgjJ"
/>
`;
