// Jest Snapshot v1, https://goo.gl/fbAQLP

exports[`<Col /> renderenders without crashing 1`] = `
<div
  className="sc-bdVaJa sc-bwzfXH fKOGFk"
/>
`;
