// Jest Snapshot v1, https://goo.gl/fbAQLP

exports[`<Row /> renderenders without crashing 1`] = `
<div
  className="sc-bdVaJa sc-bwzfXH lfgcWI"
/>
`;
