// Jest Snapshot v1, https://goo.gl/fbAQLP

exports[`<Grid /> renderenders without crashing - no props 1`] = `
<div
  className="sc-bdVaJa sc-bwzfXH bmZEGC"
/>
`;
